// Vitest Snapshot v1, https://vitest.dev/guide/snapshot.html

exports[`matches snapshot 1`] = `
<div>
  <div
    class="MuiPaper-root MuiPaper-elevation MuiPaper-rounded MuiPaper-elevation1 MuiCard-root css-bhp9pd-MuiPaper-root-MuiCard-root"
  >
    <div
      class="MuiCardHeader-root css-185gdzj-MuiCardHeader-root"
    >
      <div
        class="MuiCardHeader-avatar css-1ssile9-MuiCardHeader-avatar"
      >
        <div
          aria-label="testUser"
          class="MuiAvatar-root MuiAvatar-circular MuiAvatar-colorDefault css-2s90m6-MuiAvatar-root"
        >
          t
        </div>
      </div>
      <div
        class="MuiCardHeader-content css-1qbkelo-MuiCardHeader-content"
      >
        <span
          class="MuiTypography-root MuiTypography-body2 MuiCardHeader-title css-et1ao3-MuiTypography-root"
        >
          testUser
        </span>
        <span
          class="MuiTypography-root MuiTypography-body2 MuiCardHeader-subheader css-83ijpv-MuiTypography-root"
        >
          2023-04-28T17:51:06.205743Z
        </span>
      </div>
      <div
        class="MuiCardHeader-action css-sgoict-MuiCardHeader-action"
      >
        <button
          aria-haspopup="true"
          aria-label="settings"
          class="MuiButtonBase-root MuiIconButton-root MuiIconButton-sizeMedium css-78trlr-MuiButtonBase-root-MuiIconButton-root"
          tabindex="0"
          type="button"
        >
          <svg
            aria-hidden="true"
            class="MuiSvgIcon-root MuiSvgIcon-fontSizeMedium css-i4bv87-MuiSvgIcon-root"
            data-testid="MoreVertIcon"
            focusable="false"
            viewBox="0 0 24 24"
          >
            <path
              d="M12 8c1.1 0 2-.9 2-2s-.9-2-2-2-2 .9-2 2 .9 2 2 2zm0 2c-1.1 0-2 .9-2 2s.9 2 2 2 2-.9 2-2-.9-2-2-2zm0 6c-1.1 0-2 .9-2 2s.9 2 2 2 2-.9 2-2-.9-2-2-2z"
            />
          </svg>
          <span
            class="MuiTouchRipple-root css-8je8zh-MuiTouchRipple-root"
          />
        </button>
      </div>
    </div>
    <hr
      class="MuiDivider-root MuiDivider-fullWidth css-9mgopn-MuiDivider-root"
    />
    <div
      class="MuiCardContent-root css-46bh2p-MuiCardContent-root"
    >
      <div
        class="MuiTypography-root MuiTypography-h5 css-ch2k2f-MuiTypography-root"
      >
        The Catcher in the Rye
      </div>
      <div
        class="MuiBox-root css-0"
      >
        <p
          class="MuiTypography-root MuiTypography-body1 css-z2eky3-MuiTypography-root"
          style="display: inline-block; white-space: break-spaces;"
        >
          Jài commencé lire la histoire « The Catcher in the Rye ». Le livre es d'un garçon qui échoue a l’École. Il déambule ensuite en New York. Il fait la connaissance qu'un homme qui force le garçon de rencontrer un femme a un hôtel. Elle est assise sur ses genoux et le garçon dit : Je te donne les cinq dollar promis, mais parlons juste. La femme va, et l'homme revient et demande autre cinq dollars. Le garçon est menacé. Je n'ai pas lu plus loin.
        </p>
      </div>
      <div
        class="MuiBox-root css-0"
      >
        <p
          class="MuiTypography-root MuiTypography-body1 css-18brw8f-MuiTypography-root"
          style="display: inline-block; white-space: break-spaces;"
        />
      </div>
    </div>
    <div
      class="MuiCardActions-root MuiCardActions-spacing css-1vbr7to-MuiCardActions-root"
    >
      <div
        class="MuiStack-root css-w4z10b-MuiStack-root"
      >
        <div
          aria-label="French"
          class="MuiChip-root MuiChip-outlined MuiChip-sizeSmall MuiChip-colorDefault MuiChip-outlinedDefault css-1biewj9-MuiChip-root"
          data-mui-internal-clone-element="true"
        >
          <svg
            aria-hidden="true"
            class="MuiSvgIcon-root MuiSvgIcon-fontSizeMedium MuiChip-icon MuiChip-iconSmall MuiChip-iconColorDefault css-i4bv87-MuiSvgIcon-root"
            data-testid="LanguageIcon"
            focusable="false"
            viewBox="0 0 24 24"
          >
            <path
              d="M11.99 2C6.47 2 2 6.48 2 12s4.47 10 9.99 10C17.52 22 22 17.52 22 12S17.52 2 11.99 2zm6.93 6h-2.95c-.32-1.25-.78-2.45-1.38-3.56 1.84.63 3.37 1.91 4.33 3.56zM12 4.04c.83 1.2 1.48 2.53 1.91 3.96h-3.82c.43-1.43 1.08-2.76 1.91-3.96zM4.26 14C4.1 13.36 4 12.69 4 12s.1-1.36.26-2h3.38c-.08.66-.14 1.32-.14 2 0 .68.06 1.34.14 2H4.26zm.82 2h2.95c.32 1.25.78 2.45 1.38 3.56-1.84-.63-3.37-1.9-4.33-3.56zm2.95-8H5.08c.96-1.66 2.49-2.93 4.33-3.56C8.81 5.55 8.35 6.75 8.03 8zM12 19.96c-.83-1.2-1.48-2.53-1.91-3.96h3.82c-.43 1.43-1.08 2.76-1.91 3.96zM14.34 14H9.66c-.09-.66-.16-1.32-.16-2 0-.68.07-1.35.16-2h4.68c.09.65.16 1.32.16 2 0 .68-.07 1.34-.16 2zm.25 5.56c.6-1.11 1.06-2.31 1.38-3.56h2.95c-.96 1.65-2.49 2.93-4.33 3.56zM16.36 14c.08-.66.14-1.32.14-2 0-.68-.06-1.34-.14-2h3.38c.16.64.26 1.31.26 2s-.1 1.36-.26 2h-3.38z"
            />
          </svg>
          <span
            class="MuiChip-label MuiChip-labelSmall css-wjsjww-MuiChip-label"
          >
            fr
          </span>
        </div>
        <div
          aria-label="Corrections"
          class="MuiChip-root MuiChip-outlined MuiChip-sizeSmall MuiChip-colorDefault MuiChip-outlinedDefault css-1biewj9-MuiChip-root"
          data-mui-internal-clone-element="true"
        >
          <svg
            aria-hidden="true"
            class="MuiSvgIcon-root MuiSvgIcon-fontSizeMedium MuiChip-icon MuiChip-iconSmall MuiChip-iconColorDefault css-i4bv87-MuiSvgIcon-root"
            data-testid="CheckCircleOutlineIcon"
            focusable="false"
            viewBox="0 0 24 24"
          >
            <path
              d="M16.59 7.58 10 14.17l-3.59-3.58L5 12l5 5 8-8zM12 2C6.48 2 2 6.48 2 12s4.48 10 10 10 10-4.48 10-10S17.52 2 12 2zm0 18c-4.42 0-8-3.58-8-8s3.58-8 8-8 8 3.58 8 8-3.58 8-8 8z"
            />
          </svg>
          <span
            class="MuiChip-label MuiChip-labelSmall css-wjsjww-MuiChip-label"
          >
            1
          </span>
        </div>
      </div>
      <button
        class="MuiButtonBase-root MuiButton-root MuiButton-outlined MuiButton-outlinedPrimary MuiButton-sizeSmall MuiButton-outlinedSizeSmall MuiButton-root MuiButton-outlined MuiButton-outlinedPrimary MuiButton-sizeSmall MuiButton-outlinedSizeSmall css-1k23hlb-MuiButtonBase-root-MuiButton-root"
        tabindex="0"
        type="button"
      >
        <span
          class="MuiButton-startIcon MuiButton-iconSizeSmall css-y6rp3m-MuiButton-startIcon"
        >
          <svg
            aria-hidden="true"
            class="MuiSvgIcon-root MuiSvgIcon-fontSizeMedium css-i4bv87-MuiSvgIcon-root"
            data-testid="CheckCircleOutlineIcon"
            focusable="false"
            viewBox="0 0 24 24"
          >
            <path
              d="M16.59 7.58 10 14.17l-3.59-3.58L5 12l5 5 8-8zM12 2C6.48 2 2 6.48 2 12s4.48 10 10 10 10-4.48 10-10S17.52 2 12 2zm0 18c-4.42 0-8-3.58-8-8s3.58-8 8-8 8 3.58 8 8-3.58 8-8 8z"
            />
          </svg>
        </span>
        Correct
        <span
          class="MuiTouchRipple-root css-8je8zh-MuiTouchRipple-root"
        />
      </button>
    </div>
  </div>
</div>
`;

exports[`matches snapshot 2`] = `
<div>
  <p>
    Loading...
  </p>
</div>
`;
